// Jest Snapshot v1, https://goo.gl/fbAQLP

exports[`ExHentaiList render correctly 1`] = `
<Row
  gutter={16}
  style={
    Object {
      "width": "100%",
    }
  }
>
  <Col
    key="https://exhentai.org/g/1430261/17651c12eb/0"
    span={4}
  >
    <LazyLoad
      height={0}
      offset={0}
      once={true}
      overflow={false}
      resize={false}
      scroll={true}
      unmountIfInvisible={false}
    >
      <Dropdown
        mouseEnterDelay={0.15}
        mouseLeaveDelay={0.1}
        overlay={
          <Menu>
            <MenuItem
              onClick={[Function]}
            >
              download
            </MenuItem>
          </Menu>
        }
        placement="bottomLeft"
        trigger={
          Array [
            "contextMenu",
          ]
        }
      >
        <Card
          hoverable={true}
          onClick={[Function]}
          style={
            Object {
              "height": 0,
            }
          }
        >
          <img
            alt="[Zakotsu] Amanita Pantherina (COMIC Koh 2018-06) [Chinese] [嗷呜个人汉化] [Digital]"
            src="https://exhentai.org/t/5b/47/5b47c48abf0fb6c685869520cdb8ab0d97990e4d-1074410-1280-1807-jpg_250.jpg"
          />
        </Card>
      </Dropdown>
    </LazyLoad>
  </Col>
</Row>
`;
