// Jest Snapshot v1, https://goo.gl/fbAQLP

exports[`MainPageHeader render correctly 1`] = `
<header
  style={
    Object {
      "alignItems": "center",
      "display": "flex",
      "height": 48,
      "marginLeft": 16,
      "marginTop": 8,
    }
  }
>
  <Select
    onChange={[Function]}
    style={
      Object {
        "width": 140,
      }
    }
    value=""
  />
  <Input
    onKeyDown={[Function]}
    style={
      Object {
        "width": 280,
      }
    }
  />
  <Button
    onClick={[MockFunction]}
  >
    列表
  </Button>
  <Button
    onClick={[Function]}
  >
    +
  </Button>
</header>
`;
