// Jest Snapshot v1, https://goo.gl/fbAQLP

exports[`MainPage render correctly 1`] = `
<div
  className="MainPage"
  style={
    Object {
      "display": "grid",
      "gridTemplateColumns": "15% 85%",
    }
  }
>
  <aside>
    <ul
      style={
        Object {
          "marginTop": 8,
        }
      }
    >
      <li
        key="all"
        onClick={[Function]}
        style={
          Object {
            "background": "#e6f7ff",
            "cursor": "pointer",
            "height": 40,
            "lineHeight": "40px",
            "paddingLeft": 24,
          }
        }
      >
        all
      </li>
      <li
        key="读书"
        style={
          Object {
            "paddingLeft": 24,
          }
        }
      >
        读书
        <ul
          key="摘抄"
          style={
            Object {
              "marginLeft": -24,
            }
          }
        >
          <li
            onClick={[Function]}
            style={
              Object {
                "background": "",
                "cursor": "pointer",
                "height": 40,
                "lineHeight": "40px",
                "paddingLeft": 48,
              }
            }
          >
            摘抄
          </li>
        </ul>
        <ul
          key="思路"
          style={
            Object {
              "marginLeft": -24,
            }
          }
        >
          <li
            onClick={[Function]}
            style={
              Object {
                "background": "",
                "cursor": "pointer",
                "height": 40,
                "lineHeight": "40px",
                "paddingLeft": 48,
              }
            }
          >
            思路
          </li>
        </ul>
      </li>
    </ul>
  </aside>
  <div
    style={
      Object {
        "gridTemplateRows": "5% 90% 10%",
      }
    }
  >
    <main
      className="main-page-content-wrapper"
      style={
        Object {
          "height": -90,
          "marginLeft": 8,
          "padding": "8px 16px 8px 8px",
        }
      }
    />
    <footer
      style={
        Object {
          "textAlign": "center",
        }
      }
    >
      <div>
        你睡了一下午，醒的时候屋子里黑漆漆、一点声音都没有。抬头望望窗外，天还没完全黑。四处摸了摸，在枕头下找到手机。打开后屏幕亮起，干净，没有一条消息
      </div>
      <div>
        打开电脑，打开 github。pull request 写得很菜，连 core 都在喷你，但忽然就不孤独了
      </div>
    </footer>
  </div>
</div>
`;
