// Jest Snapshot v1, https://goo.gl/fbAQLP

exports[`MainPage render correctly 1`] = `
<div
  className="main-page"
>
  <div />
  <main
    className="main-page-content-wrapper"
    style={
      Object {
        "height": -105,
        "marginLeft": 8,
        "overflow": "auto",
      }
    }
  />
  <Footer />
</div>
`;
