// Jest Snapshot v1, https://goo.gl/fbAQLP

exports[`MainPageHeader render correctly 1`] = `
<Adapter
  style={
    Object {
      "background": "rgba(0, 0, 0, 0)",
      "height": 48,
      "position": "relative",
    }
  }
>
  <Select
    choiceTransitionName="zoom"
    onChange={[Function]}
    style={
      Object {
        "left": 8,
        "position": "absolute",
        "top": 10,
        "width": 160,
      }
    }
    transitionName="slide-up"
    value=""
  />
  <Button
    block={false}
    ghost={false}
    htmlType="button"
    loading={false}
    style={
      Object {
        "left": 180,
        "position": "absolute",
        "top": 10,
      }
    }
    type="dashed"
  >
    列表
  </Button>
  <Input
    style={
      Object {
        "position": "absolute",
        "right": 80,
        "top": 10,
        "width": 350,
      }
    }
    type="text"
  />
  <Button
    block={false}
    ghost={false}
    htmlType="button"
    loading={false}
    onClick={[Function]}
    style={
      Object {
        "position": "absolute",
        "right": 24,
        "top": 10,
      }
    }
  >
    <Plus />
  </Button>
</Adapter>
`;
