// Jest Snapshot v1, https://goo.gl/fbAQLP

exports[`MainPageList render correctly 1`] = `
<MainPageList
  dataSource={
    Array [
      Object {
        "category": undefined,
        "createTime": 1559522075108,
        "id": "32e89f38116080d6b7608cf2137f3c96",
        "modifyTime": 1559523700429,
        "subType": "乐理",
        "title": "音程表",
        "type": "音乐",
        "url": "./assets/mapping/32e89f38116080d6b7608cf2137f3c96.json",
      },
      Object {
        "category": undefined,
        "createTime": 1559617097664,
        "id": "7a73d21c13f1eb55053d4af66e0d057b",
        "modifyTime": 1559633639037,
        "subType": "安装",
        "title": "windows 下安装 rust",
        "type": "Rust",
        "url": "./assets/mapping/7a73d21c13f1eb55053d4af66e0d057b.json",
      },
    ]
  }
  onDelete={[MockFunction]}
  onEdit={[MockFunction]}
  onListItemClick={[MockFunction]}
  siderSelectedKey="all"
>
  <ul>
    <li
      className="list-item"
      key="list-item-32e89f38116080d6b7608cf2137f3c96"
      onClick={[Function]}
    >
      音乐 - 乐理 - 音程表
      <span>
        <a
          onClick={[Function]}
          style={
            Object {
              "marginLeft": 16,
            }
          }
        >
          修改
        </a>
        <a
          onClick={[Function]}
          style={
            Object {
              "marginLeft": 16,
            }
          }
        >
          隐藏
        </a>
        <a
          onClick={[Function]}
          style={
            Object {
              "marginLeft": 16,
            }
          }
        >
          删除
        </a>
      </span>
      <div
        style={
          Object {
            "float": "right",
            "marginRight": 8,
          }
        }
      >
        2019-06-03 / 2019-06-03
      </div>
    </li>
    <li
      className="list-item"
      key="list-item-7a73d21c13f1eb55053d4af66e0d057b"
      onClick={[Function]}
    >
      Rust - 安装 - windows 下安装 rust
      <span>
        <a
          onClick={[Function]}
          style={
            Object {
              "marginLeft": 16,
            }
          }
        >
          修改
        </a>
        <a
          onClick={[Function]}
          style={
            Object {
              "marginLeft": 16,
            }
          }
        >
          隐藏
        </a>
        <a
          onClick={[Function]}
          style={
            Object {
              "marginLeft": 16,
            }
          }
        >
          删除
        </a>
      </span>
      <div
        style={
          Object {
            "float": "right",
            "marginRight": 8,
          }
        }
      >
        2019-06-04 / 2019-06-04
      </div>
    </li>
  </ul>
</MainPageList>
`;
