// Jest Snapshot v1, https://goo.gl/fbAQLP

exports[`MainPageHeader render correctly 1`] = `
<header
  style={
    Object {
      "alignItems": "center",
      "display": "flex",
      "height": 48,
      "marginLeft": 16,
      "marginTop": 8,
    }
  }
>
  <select
    onChange={[Function]}
    style={
      Object {
        "background": "white",
        "border": "1px solid #e8e8e8",
        "height": 40,
        "width": 140,
      }
    }
    value=""
  />
  <input
    onKeyDown={[Function]}
    style={
      Object {
        "background": "white",
        "border": "1px solid #e8e8e8",
        "height": 40,
        "width": 280,
      }
    }
  />
  <button
    onClick={[MockFunction]}
    style={
      Object {
        "background": "white",
        "border": "1px solid #e8e8e8",
        "height": 40,
        "width": 80,
      }
    }
  >
    列表
  </button>
  <button
    onClick={[Function]}
    style={
      Object {
        "background": "white",
        "border": "1px solid #e8e8e8",
        "height": 40,
        "width": 80,
      }
    }
  >
    +
  </button>
</header>
`;
