// Jest Snapshot v1, https://goo.gl/fbAQLP

exports[`MarkdownDetail render correctly 1`] = `
<Component
  dataSource="- test"
>
  <div
    className="MarkdownDetail"
  >
    <div
      className="wrapper"
    >
      <div
        className="content"
      >
        <ReactMarkdownWithHtml
          astPlugins={Array []}
          escapeHtml={false}
          parserOptions={Object {}}
          plugins={Array []}
          rawSourcePos={false}
          renderers={Object {}}
          skipHtml={false}
          source="- test"
          sourcePos={false}
          transformLinkUri={[Function]}
        >
          <Root
            key="root-1-1-0"
          >
            <List
              depth={0}
              key="list-1-1-0"
              ordered={false}
              start={null}
              tight={true}
            >
              <ul>
                <ListItem
                  checked={null}
                  index={0}
                  key="listItem-1-1-0"
                  ordered={false}
                  tight={true}
                >
                  <li>
                    <TextRenderer
                      key="text-1-3-0"
                      nodeKey="text-1-3-0"
                      value="test"
                    >
                      test
                    </TextRenderer>
                  </li>
                </ListItem>
              </ul>
            </List>
          </Root>
        </ReactMarkdownWithHtml>
      </div>
    </div>
  </div>
</Component>
`;
