// Jest Snapshot v1, https://goo.gl/fbAQLP

exports[`MarkdownEditor render correctly 1`] = `
<MarkdownEditor
  onChange={[MockFunction]}
  onSave={[MockFunction]}
  value="<ul><li>test</li></ul>"
>
  <div
    style={
      Object {
        "display": "grid",
        "fontSize": 16,
        "gridTemplateColumns": "50% 50%",
        "padding": 24,
      }
    }
  >
    <textarea
      onChange={[Function]}
      style={
        Object {
          "marginRight": 24,
        }
      }
      value="<ul><li>test</li></ul>"
    />
    <div
      className="content markdown-body"
      dangerouslySetInnerHTML={
        Object {
          "__html": "<ul><li>test</li></ul>",
        }
      }
    />
  </div>
</MarkdownEditor>
`;
