// Jest Snapshot v1, https://goo.gl/fbAQLP

exports[`MarkdownDetail render correctly 1`] = `
<MarkdownDetail
  dataSource="<ul><li>test</li></ul>"
>
  <div
    className="markdown-detail markdown-body"
  >
    <div
      className="wrapper-mobile"
    >
      <div
        className="content"
        dangerouslySetInnerHTML={
          Object {
            "__html": "<ul><li>test</li></ul>",
          }
        }
      />
    </div>
  </div>
</MarkdownDetail>
`;
