// Jest Snapshot v1, https://goo.gl/fbAQLP

exports[`MappingDetailDataController handleOnSave 1`] = `
<MappingDetailDataController>
  <MappingDetail
    dataSource={
      Object {
        "block": Object {},
        "line": Object {},
        "position": Object {
          "root": Object {
            "x": -3000,
            "y": -3000,
          },
        },
        "tag": Object {},
      }
    }
    onChange={[Function]}
  >
    <div
      className="mapping"
    >
      <Toolbar>
        <div
          className="Toolbar"
        >
          <ul>
            <li>
              <div
                className="icon-minus"
              />
            </li>
            <li>
              <div
                className="icon-branches"
              />
            </li>
            <li
              draggable={true}
              key="toolbar-block"
              onDragStart={[Function]}
            >
              <div
                className="icon-border"
              />
            </li>
            <li
              draggable={true}
              key="toolbar-tag"
              onDragStart={[Function]}
            >
              <div
                className="icon-tag"
              />
            </li>
          </ul>
        </div>
      </Toolbar>
      <Canvas
        className="canvas-wrapper"
        data={
          Object {
            "block": Object {},
            "line": Object {},
            "position": Object {
              "root": Object {
                "x": -3000,
                "y": -3000,
              },
            },
            "tag": Object {},
          }
        }
        onChange={[Function]}
      >
        <Draggable
          allowAnyClick={false}
          axis="both"
          bounds={false}
          cancel={null}
          defaultClassName="react-draggable"
          defaultClassNameDragged="react-draggable-dragged"
          defaultClassNameDragging="react-draggable-dragging"
          defaultPosition={
            Object {
              "x": 0,
              "y": 0,
            }
          }
          disabled={false}
          enableUserSelectHack={true}
          grid={null}
          handle={null}
          offsetParent={null}
          onDrag={[Function]}
          onMouseDown={[Function]}
          onStart={[Function]}
          onStop={[Function]}
          position={
            Object {
              "x": -3000,
              "y": -3000,
            }
          }
          scale={1}
          transform={null}
        >
          <DraggableCore
            allowAnyClick={false}
            cancel={null}
            disabled={false}
            enableUserSelectHack={true}
            grid={null}
            handle={null}
            offsetParent={null}
            onDrag={[Function]}
            onMouseDown={[Function]}
            onStart={[Function]}
            onStop={[Function]}
            scale={1}
            transform={null}
          >
            <div
              className="Canvas canvas-wrapper react-draggable"
              onDragOver={[Function]}
              onDrop={[Function]}
              onMouseDown={[Function]}
              onMouseUp={[Function]}
              onTouchEnd={[Function]}
              onWheel={[Function]}
              style={
                Object {
                  "transform": "translate(-3000px,-3000px)",
                }
              }
              transform={null}
            >
              <BlockGroup
                data={Object {}}
                lineData={Object {}}
                offset={
                  Object {
                    "x": -3000,
                    "y": -3000,
                  }
                }
                onChange={[Function]}
                onContextMenu={[Function]}
                onWheel={[Function]}
              />
              <TagGroup
                data={Object {}}
                lineData={Object {}}
                onChange={[Function]}
                onContextMenu={[Function]}
                onWheel={[Function]}
              />
              <LineGroup
                data={Object {}}
                offset={
                  Object {
                    "x": -3000,
                    "y": -3000,
                  }
                }
                orientation="horizonal"
              />
            </div>
          </DraggableCore>
        </Draggable>
      </Canvas>
    </div>
  </MappingDetail>
</MappingDetailDataController>
`;
