// Jest Snapshot v1, https://goo.gl/fbAQLP

exports[`MarkdownDetailDataController handleOnSave 1`] = `
<MarkdownDetailDataController>
  <MarkdownDetail
    screenSize="mobile"
  >
    <div
      className="markdown-detail markdown-body"
    >
      <div
        className="wrapper-mobile"
      >
        <div
          className="content"
          dangerouslySetInnerHTML={
            Object {
              "__html": "",
            }
          }
        />
      </div>
    </div>
  </MarkdownDetail>
</MarkdownDetailDataController>
`;
