// Jest Snapshot v1, https://goo.gl/fbAQLP

exports[`MarkdownEditorDataController render correctly 1`] = `
<MarkdownEditorDataController>
  <MarkdownEditor
    onChange={[Function]}
    onSave={[Function]}
  >
    <div
      style={
        Object {
          "display": "grid",
          "fontSize": 16,
          "gridTemplateColumns": "50% 50%",
          "padding": 24,
        }
      }
    >
      <LineNumber>
        <textarea
          className="markdown-body"
          onChange={[Function]}
          onKeyUp={[Function]}
          style={
            Object {
              "marginRight": 24,
            }
          }
        />
      </LineNumber>
      <div
        className="content markdown-body"
        dangerouslySetInnerHTML={
          Object {
            "__html": "",
          }
        }
      />
    </div>
  </MarkdownEditor>
</MarkdownEditorDataController>
`;
