// Jest Snapshot v1, https://goo.gl/fbAQLP

exports[`MarkdownEditorDataController render correctly 1`] = `
<MarkdownEditorDataController>
  <MarkdownEditor
    onChange={[Function]}
    onSave={[Function]}
  >
    <div
      className="markdown-editor-wrapper"
    >
      <LineNumber>
        <textarea
          className="markdown-body"
          onChange={[Function]}
          onKeyUp={[Function]}
        />
      </LineNumber>
      <div
        className="content markdown-body"
        dangerouslySetInnerHTML={
          Object {
            "__html": "",
          }
        }
      />
    </div>
  </MarkdownEditor>
</MarkdownEditorDataController>
`;
