// Jest Snapshot v1, https://goo.gl/fbAQLP

exports[`ExhentaiController get snapshots 1`] = `
Router {
  "methods": Array [
    "HEAD",
    "OPTIONS",
    "GET",
    "PUT",
    "PATCH",
    "POST",
    "DELETE",
  ],
  "opts": Object {
    "prefix": "/exhentai",
  },
  "params": Object {},
  "stack": Array [
    Layer {
      "methods": Array [
        "HEAD",
        "GET",
      ],
      "name": null,
      "opts": Object {
        "end": true,
        "ignoreCaptures": undefined,
        "name": null,
        "prefix": "/exhentai",
        "sensitive": false,
        "strict": false,
      },
      "paramNames": Array [],
      "path": "/exhentai/",
      "regexp": /\\^\\\\/exhentai\\(\\?:\\\\/\\(\\?=\\$\\)\\)\\?\\$/i,
      "stack": Array [
        [Function],
      ],
    },
    Layer {
      "methods": Array [
        "HEAD",
        "GET",
      ],
      "name": null,
      "opts": Object {
        "end": true,
        "ignoreCaptures": undefined,
        "name": null,
        "prefix": "/exhentai",
        "sensitive": false,
        "strict": false,
      },
      "paramNames": Array [],
      "path": "/exhentai/getLatestSet",
      "regexp": /\\^\\\\/exhentai\\\\/getLatestSet\\(\\?:\\\\/\\(\\?=\\$\\)\\)\\?\\$/i,
      "stack": Array [
        [Function],
      ],
    },
    Layer {
      "methods": Array [
        "POST",
      ],
      "name": null,
      "opts": Object {
        "end": true,
        "ignoreCaptures": undefined,
        "name": null,
        "prefix": "/exhentai",
        "sensitive": false,
        "strict": false,
      },
      "paramNames": Array [],
      "path": "/exhentai/download",
      "regexp": /\\^\\\\/exhentai\\\\/download\\(\\?:\\\\/\\(\\?=\\$\\)\\)\\?\\$/i,
      "stack": Array [
        [Function],
      ],
    },
    Layer {
      "methods": Array [
        "HEAD",
        "GET",
      ],
      "name": null,
      "opts": Object {
        "end": true,
        "ignoreCaptures": undefined,
        "name": null,
        "prefix": "/exhentai",
        "sensitive": false,
        "strict": false,
      },
      "paramNames": Array [],
      "path": "/exhentai/download/target",
      "regexp": /\\^\\\\/exhentai\\\\/download\\\\/target\\(\\?:\\\\/\\(\\?=\\$\\)\\)\\?\\$/i,
      "stack": Array [
        [Function],
      ],
    },
    Layer {
      "methods": Array [
        "HEAD",
        "GET",
      ],
      "name": null,
      "opts": Object {
        "end": true,
        "ignoreCaptures": undefined,
        "name": null,
        "prefix": "/exhentai",
        "sensitive": false,
        "strict": false,
      },
      "paramNames": Array [],
      "path": "/exhentai/download/status",
      "regexp": /\\^\\\\/exhentai\\\\/download\\\\/status\\(\\?:\\\\/\\(\\?=\\$\\)\\)\\?\\$/i,
      "stack": Array [
        [Function],
      ],
    },
    Layer {
      "methods": Array [
        "HEAD",
        "GET",
      ],
      "name": null,
      "opts": Object {
        "end": true,
        "ignoreCaptures": undefined,
        "name": null,
        "prefix": "/exhentai",
        "sensitive": false,
        "strict": false,
      },
      "paramNames": Array [],
      "path": "/exhentai/dateSet",
      "regexp": /\\^\\\\/exhentai\\\\/dateSet\\(\\?:\\\\/\\(\\?=\\$\\)\\)\\?\\$/i,
      "stack": Array [
        [Function],
      ],
    },
    Layer {
      "methods": Array [
        "HEAD",
        "GET",
      ],
      "name": null,
      "opts": Object {
        "end": true,
        "ignoreCaptures": undefined,
        "name": null,
        "prefix": "/exhentai",
        "sensitive": false,
        "strict": false,
      },
      "paramNames": Array [],
      "path": "/exhentai/sync",
      "regexp": /\\^\\\\/exhentai\\\\/sync\\(\\?:\\\\/\\(\\?=\\$\\)\\)\\?\\$/i,
      "stack": Array [
        [Function],
      ],
    },
  ],
}
`;
