// Jest Snapshot v1, https://goo.gl/fbAQLP

exports[`ToyController get snapshots 1`] = `
Router {
  "methods": Array [
    "HEAD",
    "OPTIONS",
    "GET",
    "PUT",
    "PATCH",
    "POST",
    "DELETE",
  ],
  "opts": Object {
    "prefix": "/toy",
  },
  "params": Object {},
  "stack": Array [
    Layer {
      "methods": Array [
        "HEAD",
        "GET",
      ],
      "name": null,
      "opts": Object {
        "end": true,
        "ignoreCaptures": undefined,
        "name": null,
        "prefix": "/toy",
        "sensitive": false,
        "strict": false,
      },
      "paramNames": Array [
        Object {
          "asterisk": false,
          "delimiter": "/",
          "name": "key",
          "optional": false,
          "partial": false,
          "pattern": "[^\\\\/]+?",
          "prefix": "/",
          "repeat": false,
        },
      ],
      "path": "/toy/get/:key",
      "regexp": /\\^\\\\/toy\\\\/get\\\\/\\(\\(\\?:\\[\\^\\\\/\\]\\+\\?\\)\\)\\(\\?:\\\\/\\(\\?=\\$\\)\\)\\?\\$/i,
      "stack": Array [
        [Function],
      ],
    },
    Layer {
      "methods": Array [
        "POST",
      ],
      "name": null,
      "opts": Object {
        "end": true,
        "ignoreCaptures": undefined,
        "name": null,
        "prefix": "/toy",
        "sensitive": false,
        "strict": false,
      },
      "paramNames": Array [
        Object {
          "asterisk": false,
          "delimiter": "/",
          "name": "key",
          "optional": false,
          "partial": false,
          "pattern": "[^\\\\/]+?",
          "prefix": "/",
          "repeat": false,
        },
      ],
      "path": "/toy/post/:key",
      "regexp": /\\^\\\\/toy\\\\/post\\\\/\\(\\(\\?:\\[\\^\\\\/\\]\\+\\?\\)\\)\\(\\?:\\\\/\\(\\?=\\$\\)\\)\\?\\$/i,
      "stack": Array [
        [Function],
      ],
    },
  ],
}
`;
